// Jest Snapshot v1, https://goo.gl/fbAQLP

exports[`Dashboard matches snapshot 1`] = `
ShallowWrapper {
  "length": 1,
  Symbol(enzyme.__root__): [Circular],
  Symbol(enzyme.__unrendered__): <WithStyles(Dashboard)
    history={Object {}}
/>,
  Symbol(enzyme.__renderer__): Object {
    "batchedUpdates": [Function],
    "getNode": [Function],
    "render": [Function],
    "simulateEvent": [Function],
    "unmount": [Function],
  },
  Symbol(enzyme.__node__): Object {
    "instance": null,
    "key": undefined,
    "nodeType": "class",
    "props": Object {
      "classes": Object {
        "flex": "Dashboard-flex-2",
        "mainContainer": "Dashboard-mainContainer-3",
        "paper": "Dashboard-paper-5",
        "popperClose": "Dashboard-popperClose-6",
        "root": "Dashboard-root-1",
        "titleLink": "Dashboard-titleLink-4",
      },
      "history": Object {},
    },
    "ref": null,
    "rendered": null,
    "type": [Function],
  },
  Symbol(enzyme.__nodes__): Array [
    Object {
      "instance": null,
      "key": undefined,
      "nodeType": "class",
      "props": Object {
        "classes": Object {
          "flex": "Dashboard-flex-2",
          "mainContainer": "Dashboard-mainContainer-3",
          "paper": "Dashboard-paper-5",
          "popperClose": "Dashboard-popperClose-6",
          "root": "Dashboard-root-1",
          "titleLink": "Dashboard-titleLink-4",
        },
        "history": Object {},
      },
      "ref": null,
      "rendered": null,
      "type": [Function],
    },
  ],
  Symbol(enzyme.__options__): Object {
    "adapter": ReactSixteenAdapter {
      "options": Object {
        "enableComponentDidUpdateOnSetState": true,
      },
    },
  },
}
`;
