// Jest Snapshot v1, https://goo.gl/fbAQLP

exports[`OverShortAnnually matches snapshot 1`] = `
ShallowWrapper {
  "length": 1,
  Symbol(enzyme.__root__): [Circular],
  Symbol(enzyme.__unrendered__): <WithStyles(OverShortAnnually)
    history={Object {}}
    location={
        Object {
            "pathname": "/",
          }
    }
    match={Object {}}
/>,
  Symbol(enzyme.__renderer__): Object {
    "batchedUpdates": [Function],
    "getNode": [Function],
    "render": [Function],
    "simulateEvent": [Function],
    "unmount": [Function],
  },
  Symbol(enzyme.__node__): Object {
    "instance": null,
    "key": undefined,
    "nodeType": "class",
    "props": Object {
      "classes": Object {
        "container": "OverShortAnnually-container-1",
        "headerCell": "OverShortAnnually-headerCell-3",
        "headerCellRt": "OverShortAnnually-headerCellRt-4",
        "headerRow": "OverShortAnnually-headerRow-2",
        "mainContainer": "OverShortAnnually-mainContainer-5",
        "reportContainer": "OverShortAnnually-reportContainer-6",
        "reportDataCell": "OverShortAnnually-reportDataCell-8",
        "reportDataDateCell": "OverShortAnnually-reportDataDateCell-10",
        "reportDataNeg": "OverShortAnnually-reportDataNeg-9",
        "reportDataRow": "OverShortAnnually-reportDataRow-7",
        "reportSummaryCell": "OverShortAnnually-reportSummaryCell-11",
        "reportSummaryRow": "OverShortAnnually-reportSummaryRow-12",
        "title": "OverShortAnnually-title-13",
      },
      "history": Object {},
      "location": Object {
        "pathname": "/",
      },
      "match": Object {},
    },
    "ref": null,
    "rendered": null,
    "type": [Function],
  },
  Symbol(enzyme.__nodes__): Array [
    Object {
      "instance": null,
      "key": undefined,
      "nodeType": "class",
      "props": Object {
        "classes": Object {
          "container": "OverShortAnnually-container-1",
          "headerCell": "OverShortAnnually-headerCell-3",
          "headerCellRt": "OverShortAnnually-headerCellRt-4",
          "headerRow": "OverShortAnnually-headerRow-2",
          "mainContainer": "OverShortAnnually-mainContainer-5",
          "reportContainer": "OverShortAnnually-reportContainer-6",
          "reportDataCell": "OverShortAnnually-reportDataCell-8",
          "reportDataDateCell": "OverShortAnnually-reportDataDateCell-10",
          "reportDataNeg": "OverShortAnnually-reportDataNeg-9",
          "reportDataRow": "OverShortAnnually-reportDataRow-7",
          "reportSummaryCell": "OverShortAnnually-reportSummaryCell-11",
          "reportSummaryRow": "OverShortAnnually-reportSummaryRow-12",
          "title": "OverShortAnnually-title-13",
        },
        "history": Object {},
        "location": Object {
          "pathname": "/",
        },
        "match": Object {},
      },
      "ref": null,
      "rendered": null,
      "type": [Function],
    },
  ],
  Symbol(enzyme.__options__): Object {
    "adapter": ReactSixteenAdapter {
      "options": Object {
        "enableComponentDidUpdateOnSetState": true,
      },
    },
  },
}
`;
