// Jest Snapshot v1, https://goo.gl/fbAQLP

exports[`Propane matches snapshot 1`] = `
ShallowWrapper {
  "length": 1,
  Symbol(enzyme.__root__): [Circular],
  Symbol(enzyme.__unrendered__): <WithStyles(Propane)
    history={Object {}}
    location={Object {}}
    match={Object {}}
/>,
  Symbol(enzyme.__renderer__): Object {
    "batchedUpdates": [Function],
    "getNode": [Function],
    "render": [Function],
    "simulateEvent": [Function],
    "unmount": [Function],
  },
  Symbol(enzyme.__node__): Object {
    "instance": null,
    "key": undefined,
    "nodeType": "class",
    "props": Object {
      "classes": Object {
        "flex": "Propane-flex-2",
        "mainContainer": "Propane-mainContainer-3",
        "paper": "Propane-paper-5",
        "popperClose": "Propane-popperClose-6",
        "root": "Propane-root-1",
        "titleLink": "Propane-titleLink-4",
      },
      "history": Object {},
      "location": Object {},
      "match": Object {},
    },
    "ref": null,
    "rendered": null,
    "type": [Function],
  },
  Symbol(enzyme.__nodes__): Array [
    Object {
      "instance": null,
      "key": undefined,
      "nodeType": "class",
      "props": Object {
        "classes": Object {
          "flex": "Propane-flex-2",
          "mainContainer": "Propane-mainContainer-3",
          "paper": "Propane-paper-5",
          "popperClose": "Propane-popperClose-6",
          "root": "Propane-root-1",
          "titleLink": "Propane-titleLink-4",
        },
        "history": Object {},
        "location": Object {},
        "match": Object {},
      },
      "ref": null,
      "rendered": null,
      "type": [Function],
    },
  ],
  Symbol(enzyme.__options__): Object {
    "adapter": ReactSixteenAdapter {
      "options": Object {
        "enableComponentDidUpdateOnSetState": true,
      },
    },
  },
}
`;
