// Jest Snapshot v1, https://goo.gl/fbAQLP

exports[`ImportForm matches snapshot 1`] = `
ShallowWrapper {
  "length": 1,
  Symbol(enzyme.__root__): [Circular],
  Symbol(enzyme.__unrendered__): <WithStyles(ImportForm)
    history={
        Object {
            "location": Object {
              "pathname": "/",
            },
          }
    }
/>,
  Symbol(enzyme.__renderer__): Object {
    "batchedUpdates": [Function],
    "getNode": [Function],
    "render": [Function],
    "simulateEvent": [Function],
    "unmount": [Function],
  },
  Symbol(enzyme.__node__): Object {
    "instance": null,
    "key": undefined,
    "nodeType": "class",
    "props": Object {
      "classes": Object {
        "container": "ImportForm-container-1",
        "formCell": "ImportForm-formCell-4",
        "formContainer": "ImportForm-formContainer-2",
        "formControl": "ImportForm-formControl-5",
        "formRow": "ImportForm-formRow-3",
        "processMsg": "ImportForm-processMsg-8",
        "radioGroup": "ImportForm-radioGroup-6",
        "rightIcon": "ImportForm-rightIcon-7",
        "submitButton": "ImportForm-submitButton-9",
      },
      "history": Object {
        "location": Object {
          "pathname": "/",
        },
      },
    },
    "ref": null,
    "rendered": null,
    "type": [Function],
  },
  Symbol(enzyme.__nodes__): Array [
    Object {
      "instance": null,
      "key": undefined,
      "nodeType": "class",
      "props": Object {
        "classes": Object {
          "container": "ImportForm-container-1",
          "formCell": "ImportForm-formCell-4",
          "formContainer": "ImportForm-formContainer-2",
          "formControl": "ImportForm-formControl-5",
          "formRow": "ImportForm-formRow-3",
          "processMsg": "ImportForm-processMsg-8",
          "radioGroup": "ImportForm-radioGroup-6",
          "rightIcon": "ImportForm-rightIcon-7",
          "submitButton": "ImportForm-submitButton-9",
        },
        "history": Object {
          "location": Object {
            "pathname": "/",
          },
        },
      },
      "ref": null,
      "rendered": null,
      "type": [Function],
    },
  ],
  Symbol(enzyme.__options__): Object {
    "adapter": ReactSixteenAdapter {
      "options": Object {
        "enableComponentDidUpdateOnSetState": true,
      },
    },
  },
}
`;
