// Jest Snapshot v1, https://goo.gl/fbAQLP

exports[`Download matches snapshot 1`] = `
ShallowWrapper {
  "length": 1,
  Symbol(enzyme.__root__): [Circular],
  Symbol(enzyme.__unrendered__): <WithStyles(Download) />,
  Symbol(enzyme.__renderer__): Object {
    "batchedUpdates": [Function],
    "getNode": [Function],
    "render": [Function],
    "simulateEvent": [Function],
    "unmount": [Function],
  },
  Symbol(enzyme.__node__): Object {
    "instance": null,
    "key": undefined,
    "nodeType": "class",
    "props": Object {
      "classes": Object {
        "appBar": "Download-appBar-1",
        "button": "Download-button-2",
        "container": "Download-container-3",
        "leftIcon": "Download-leftIcon-4",
        "message": "Download-message-5",
        "title": "Download-title-6",
      },
    },
    "ref": null,
    "rendered": null,
    "type": [Function],
  },
  Symbol(enzyme.__nodes__): Array [
    Object {
      "instance": null,
      "key": undefined,
      "nodeType": "class",
      "props": Object {
        "classes": Object {
          "appBar": "Download-appBar-1",
          "button": "Download-button-2",
          "container": "Download-container-3",
          "leftIcon": "Download-leftIcon-4",
          "message": "Download-message-5",
          "title": "Download-title-6",
        },
      },
      "ref": null,
      "rendered": null,
      "type": [Function],
    },
  ],
  Symbol(enzyme.__options__): Object {
    "adapter": ReactSixteenAdapter {
      "options": Object {
        "enableComponentDidUpdateOnSetState": true,
      },
    },
  },
}
`;
