// Jest Snapshot v1, https://goo.gl/fbAQLP

exports[`DipSelectors matches snapshot 1`] = `
ShallowWrapper {
  "length": 1,
  Symbol(enzyme.__root__): [Circular],
  Symbol(enzyme.__unrendered__): <WithStyles(DipSelectors)
    actions={Object {}}
    history={Object {}}
    location={Object {}}
    match={Object {}}
/>,
  Symbol(enzyme.__renderer__): Object {
    "batchedUpdates": [Function],
    "getNode": [Function],
    "render": [Function],
    "simulateEvent": [Function],
    "unmount": [Function],
  },
  Symbol(enzyme.__node__): Object {
    "instance": null,
    "key": undefined,
    "nodeType": "class",
    "props": Object {
      "actions": Object {},
      "classes": Object {
        "cell": "DipSelectors-cell-1",
        "container": "DipSelectors-container-2",
        "formControl": "DipSelectors-formControl-3",
        "navButton": "DipSelectors-navButton-4",
        "selectRow": "DipSelectors-selectRow-5",
      },
      "history": Object {},
      "location": Object {},
      "match": Object {},
    },
    "ref": null,
    "rendered": null,
    "type": [Function],
  },
  Symbol(enzyme.__nodes__): Array [
    Object {
      "instance": null,
      "key": undefined,
      "nodeType": "class",
      "props": Object {
        "actions": Object {},
        "classes": Object {
          "cell": "DipSelectors-cell-1",
          "container": "DipSelectors-container-2",
          "formControl": "DipSelectors-formControl-3",
          "navButton": "DipSelectors-navButton-4",
          "selectRow": "DipSelectors-selectRow-5",
        },
        "history": Object {},
        "location": Object {},
        "match": Object {},
      },
      "ref": null,
      "rendered": null,
      "type": [Function],
    },
  ],
  Symbol(enzyme.__options__): Object {
    "adapter": ReactSixteenAdapter {
      "options": Object {
        "enableComponentDidUpdateOnSetState": true,
      },
    },
  },
}
`;
